// Vitest Snapshot v1

exports[`Api > indice 1`] = `
{
  "id": 1,
  "jsonrpc": "2.0",
  "result": [
    "crudClear",
    "crudCreate",
    "crudDel",
    "crudList",
    "crudRead",
    "crudSchema",
    "crudUpdate",
    "echo",
    "esterilizacaoExternaDiario",
    "esterilizacaoExternaMensal",
    "esterilizacaoExternaModelo",
    "esterilizacaoExternaProduto",
    "esterilizacaoExternaSchemaDiario",
    "esterilizacaoExternaSchemaMensal",
    "esterilizacaoExternaSchemaModelo",
    "esterilizacaoExternaSchemaProduto",
    "esterilizacaoInternaDiario",
    "esterilizacaoInternaMensal",
    "esterilizacaoInternaModelo",
    "esterilizacaoInternaProduto",
    "esterilizacaoInternaSchemaDiario",
    "esterilizacaoInternaSchemaMensal",
    "esterilizacaoInternaSchemaModelo",
    "esterilizacaoInternaSchemaProduto",
    "estoqueIncrement",
    "index",
    "login",
    "logout",
    "me",
    "nfEntradaTransferenciaCreate",
    "operacaoDiario",
    "operacaoDiarioSchema",
    "operacaoMensal",
    "operacaoMensalSchema",
    "operacaoModelo",
    "operacaoProduto",
    "operacaoProdutoSchema",
    "operacaoTurno",
    "operacaoTurnoSchema",
    "ordemProducaoControle",
    "ordemProducaoControleValido",
    "ordemProducaoDataFabricacao",
    "ordemProducaoDataValidade",
    "ordemProducaoEtiquetaExterna",
    "ordemProducaoFromControle",
    "ordemProducaoProduto",
    "ordemProducaoProdutoItem",
    "ordemProducaoProdutoPlano",
    "ordemProducaoVersao",
    "produtoEstatisticaIncrement",
    "produtoItemPlano",
    "transferenciaDiario",
    "transferenciaDiarioSchema",
    "transferenciaMensal",
    "transferenciaMensalSchema",
    "transferenciaModelo",
    "transferenciaModeloSchema",
    "vendaAnalitico",
    "vendaAnaliticoSchema",
    "vendaDiario",
    "vendaDiarioSchema",
    "vendaFvAnalitico",
    "vendaFvAnaliticoSchema",
    "vendaFvDiario",
    "vendaFvDiarioSchema",
    "vendaFvMensal",
    "vendaFvMensalSchema",
    "vendaMensal",
    "vendaMensalSchema",
  ],
}
`;
