// Vitest Snapshot v1

exports[`Api > indice 1`] = `
{
  "id": 1,
  "jsonrpc": "2.0",
  "result": [
    "crudClear ({table})",
    "crudCreate ({table,data})",
    "crudDel ({table,id})",
    "crudList ({table,where,order,select,limit})",
    "crudRead ({table,id,select})",
    "crudSchema ({table})",
    "crudUpdate ({table,id,data})",
    "echo (arg1,arg2)",
    "esterilizacaoExternaDiario ({inicio,fim})",
    "esterilizacaoExternaMensal ({mes})",
    "esterilizacaoExternaModelo ({data,produto})",
    "esterilizacaoExternaProduto ({data})",
    "esterilizacaoExternaSchemaDiario ()",
    "esterilizacaoExternaSchemaMensal ()",
    "esterilizacaoExternaSchemaModelo ()",
    "esterilizacaoExternaSchemaProduto ()",
    "esterilizacaoInternaDiario ({inicio,fim})",
    "esterilizacaoInternaMensal ({mes})",
    "esterilizacaoInternaModelo ({data,produto})",
    "esterilizacaoInternaProduto ({data})",
    "esterilizacaoInternaSchemaDiario ()",
    "esterilizacaoInternaSchemaMensal ()",
    "esterilizacaoInternaSchemaModelo ()",
    "esterilizacaoInternaSchemaProduto ()",
    "estoqueIncrement ({id,quantidade})",
    "index ()",
    "login ({user,password})",
    "logout ()",
    "me (_,ctx)",
    "nfEntradaTransferenciaCreate ({controles})",
    "operacaoDiario ({operacao,inicio,fim})",
    "operacaoDiarioSchema ()",
    "operacaoMensal ({operacao,mes})",
    "operacaoMensalSchema ()",
    "operacaoModelo ({operacao,data,produto})",
    "operacaoProduto ({operacao,data})",
    "operacaoProdutoSchema ()",
    "operacaoTurno ({operacao,data})",
    "operacaoTurnoSchema ()",
    "ordemProducaoControle ({id,serie})",
    "ordemProducaoControleValido ({controle})",
    "ordemProducaoDataFabricacao ({id})",
    "ordemProducaoDataValidade ({id})",
    "ordemProducaoEtiquetaExterna ({id})",
    "ordemProducaoFromControle ({controle})",
    "ordemProducaoProduto ({id,select})",
    "ordemProducaoProdutoItem ({id,select})",
    "ordemProducaoProdutoPlano ({id,select})",
    "ordemProducaoVersao ({id})",
    "produtoEstatisticaIncrement ({id,quantidade})",
    "produtoItemPlano ({id,select})",
    "transferenciaDiario ({inicio,fim})",
    "transferenciaDiarioSchema ()",
    "transferenciaMensal ({mes})",
    "transferenciaMensalSchema ()",
    "transferenciaModelo ({data})",
    "transferenciaModeloSchema ()",
    "vendaAnalitico ({inicio,fim})",
    "vendaAnaliticoSchema ()",
    "vendaDiario ({inicio,fim,uf})",
    "vendaDiarioSchema ()",
    "vendaFvAnalitico ({inicio,fim})",
    "vendaFvAnaliticoSchema ()",
    "vendaFvDiario ({inicio,fim,uf})",
    "vendaFvDiarioSchema ()",
    "vendaFvMensal ({inicio,fim,cliente_id})",
    "vendaFvMensalSchema ()",
    "vendaMensal ({inicio,fim,cliente})",
    "vendaMensalSchema ()",
  ],
}
`;
