// Vitest Snapshot v1

exports[`Api > indice 1`] = `
{
  "id": 1,
  "jsonrpc": "2.0",
  "result": [
    "crudClear",
    "crudCreate",
    "crudDel",
    "crudList",
    "crudRead",
    "crudSchema",
    "crudUpdate",
    "echo",
    "esterilizacaoExternaDiario",
    "esterilizacaoExternaMensal",
    "esterilizacaoExternaModelo",
    "esterilizacaoExternaProduto",
    "esterilizacaoExternaSchemaDiario",
    "esterilizacaoExternaSchemaMensal",
    "esterilizacaoExternaSchemaModelo",
    "esterilizacaoExternaSchemaProduto",
    "esterilizacaoInternaDiario",
    "esterilizacaoInternaMensal",
    "esterilizacaoInternaModelo",
    "esterilizacaoInternaProduto",
    "esterilizacaoInternaSchemaDiario",
    "esterilizacaoInternaSchemaMensal",
    "esterilizacaoInternaSchemaModelo",
    "esterilizacaoInternaSchemaProduto",
    "estoqueCreate",
    "estoqueDel",
    "estoqueIncrement",
    "estoqueList",
    "estoqueRead",
    "estoqueUpdate",
    "index",
    "login",
    "logout",
    "me",
    "nfEntradaCreate",
    "nfEntradaDel",
    "nfEntradaList",
    "nfEntradaRead",
    "nfEntradaSchema",
    "nfEntradaTransferenciaCreate",
    "nfEntradaUpdate",
    "nfSaidaCreate",
    "nfSaidaDel",
    "nfSaidaFvCreate",
    "nfSaidaFvDel",
    "nfSaidaFvList",
    "nfSaidaFvRead",
    "nfSaidaFvSchema",
    "nfSaidaFvUpdate",
    "nfSaidaList",
    "nfSaidaRead",
    "nfSaidaSchema",
    "nfSaidaUpdate",
    "operacaoDiario",
    "operacaoDiarioSchema",
    "operacaoMensal",
    "operacaoMensalSchema",
    "operacaoModelo",
    "operacaoProduto",
    "operacaoProdutoSchema",
    "operacaoTurno",
    "operacaoTurnoSchema",
    "ordemProducaoControle",
    "ordemProducaoControleValido",
    "ordemProducaoCreate",
    "ordemProducaoDataFabricacao",
    "ordemProducaoDataValidade",
    "ordemProducaoEtiquetaExterna",
    "ordemProducaoFromControle",
    "ordemProducaoList",
    "ordemProducaoProduto",
    "ordemProducaoProdutoItem",
    "ordemProducaoProdutoPlano",
    "ordemProducaoRead",
    "ordemProducaoSchema",
    "ordemProducaoUpdate",
    "ordemProducaoVersao",
    "produtoEstatisticaCreate",
    "produtoEstatisticaDel",
    "produtoEstatisticaIncrement",
    "produtoEstatisticaList",
    "produtoEstatisticaRead",
    "produtoEstatisticaUpdate",
    "produtoItemCreate",
    "produtoItemDel",
    "produtoItemList",
    "produtoItemRead",
    "produtoItemUpdate",
    "transferenciaDiario",
    "transferenciaDiarioSchema",
    "transferenciaMensal",
    "transferenciaMensalSchema",
    "transferenciaModelo",
    "transferenciaModeloSchema",
    "usuarioCreate",
    "usuarioDel",
    "usuarioList",
    "usuarioRead",
    "usuarioSchema",
    "usuarioUpdate",
    "vendaAnalitico",
    "vendaAnaliticoSchema",
    "vendaDiario",
    "vendaDiarioSchema",
    "vendaFvAnalitico",
    "vendaFvAnaliticoSchema",
    "vendaFvDiario",
    "vendaFvDiarioSchema",
    "vendaFvMensal",
    "vendaFvMensalSchema",
    "vendaMensal",
    "vendaMensalSchema",
  ],
}
`;
