// Vitest Snapshot v1

exports[`Api > indice 1`] = `
{
  "id": 1,
  "jsonrpc": "2.0",
  "result": [
    "agendaTelefoneCreate",
    "agendaTelefoneDel",
    "agendaTelefoneList",
    "agendaTelefoneRead",
    "agendaTelefoneSchema",
    "agendaTelefoneUpdate",
    "cidadeCreate",
    "cidadeDel",
    "cidadeList",
    "cidadeRead",
    "cidadeSchema",
    "cidadeUpdate",
    "clienteCreate",
    "clienteDel",
    "clienteList",
    "clienteRead",
    "clienteSchema",
    "clienteUpdate",
    "diamanteCreate",
    "diamanteDel",
    "diamanteList",
    "diamanteRead",
    "diamanteSchema",
    "diamanteUpdate",
    "echo",
    "esterilizacaoExternaDiario",
    "esterilizacaoExternaMensal",
    "esterilizacaoExternaModelo",
    "esterilizacaoExternaProduto",
    "esterilizacaoExternaSchemaDiario",
    "esterilizacaoExternaSchemaMensal",
    "esterilizacaoExternaSchemaModelo",
    "esterilizacaoExternaSchemaProduto",
    "esterilizacaoInternaDiario",
    "esterilizacaoInternaMensal",
    "esterilizacaoInternaModelo",
    "esterilizacaoInternaProduto",
    "esterilizacaoInternaSchemaDiario",
    "esterilizacaoInternaSchemaMensal",
    "esterilizacaoInternaSchemaModelo",
    "esterilizacaoInternaSchemaProduto",
    "estoqueCreate",
    "estoqueDel",
    "estoqueIncrement",
    "estoqueList",
    "estoqueRead",
    "estoqueUpdate",
    "etiquetaExternaCreate",
    "etiquetaExternaDel",
    "etiquetaExternaList",
    "etiquetaExternaRead",
    "etiquetaExternaUpdate",
    "etiquetaInternaCreate",
    "etiquetaInternaDel",
    "etiquetaInternaList",
    "etiquetaInternaRead",
    "etiquetaInternaUpdate",
    "groupSubjectCreate",
    "groupSubjectDel",
    "groupSubjectList",
    "groupSubjectRead",
    "groupSubjectSchema",
    "groupSubjectUpdate",
    "login",
    "logout",
    "maquinaCreate",
    "maquinaDel",
    "maquinaList",
    "maquinaRead",
    "maquinaSchema",
    "maquinaUpdate",
    "me",
    "nfEntradaControleCreate",
    "nfEntradaControleDel",
    "nfEntradaControleList",
    "nfEntradaControleRead",
    "nfEntradaControleUpdate",
    "nfEntradaCreate",
    "nfEntradaDel",
    "nfEntradaItemCreate",
    "nfEntradaItemDel",
    "nfEntradaItemList",
    "nfEntradaItemRead",
    "nfEntradaItemUpdate",
    "nfEntradaList",
    "nfEntradaLogCreate",
    "nfEntradaLogDel",
    "nfEntradaLogList",
    "nfEntradaLogRead",
    "nfEntradaLogUpdate",
    "nfEntradaRead",
    "nfEntradaSchema",
    "nfEntradaTransferenciaCreate",
    "nfEntradaUpdate",
    "operacaoDiario",
    "operacaoDiarioSchema",
    "operacaoMensal",
    "operacaoMensalSchema",
    "operacaoModelo",
    "operacaoProduto",
    "operacaoProdutoSchema",
    "operacaoTurno",
    "operacaoTurnoSchema",
    "ordemProducaoControle",
    "ordemProducaoControleValido",
    "ordemProducaoCreate",
    "ordemProducaoDataFabricacao",
    "ordemProducaoDataValidade",
    "ordemProducaoEtiquetaExterna",
    "ordemProducaoFromControle",
    "ordemProducaoList",
    "ordemProducaoProduto",
    "ordemProducaoProdutoItem",
    "ordemProducaoProdutoPlano",
    "ordemProducaoRead",
    "ordemProducaoSchema",
    "ordemProducaoUpdate",
    "ordemProducaoVersao",
    "produtoCategoriaCreate",
    "produtoCategoriaDel",
    "produtoCategoriaList",
    "produtoCategoriaRead",
    "produtoCategoriaUpdate",
    "produtoControleCreate",
    "produtoControleDel",
    "produtoControleList",
    "produtoControleRead",
    "produtoControleUpdate",
    "produtoCreate",
    "produtoDel",
    "produtoEstatisticaCreate",
    "produtoEstatisticaDel",
    "produtoEstatisticaIncrement",
    "produtoEstatisticaList",
    "produtoEstatisticaRead",
    "produtoEstatisticaUpdate",
    "produtoItemCreate",
    "produtoItemDel",
    "produtoItemList",
    "produtoItemRead",
    "produtoItemUpdate",
    "produtoList",
    "produtoPlanoCreate",
    "produtoPlanoDel",
    "produtoPlanoList",
    "produtoPlanoRead",
    "produtoPlanoUpdate",
    "produtoRead",
    "produtoUpdate",
    "transferenciaCreate",
    "transferenciaDiario",
    "transferenciaDiarioSchema",
    "transferenciaMensal",
    "transferenciaMensalSchema",
    "transferenciaModelo",
    "transferenciaModeloSchema",
    "usuarioCreate",
    "usuarioDel",
    "usuarioList",
    "usuarioRead",
    "usuarioSchema",
    "usuarioUpdate",
    "vendaAnalitico",
    "vendaAnaliticoSchema",
    "vendaDiario",
    "vendaDiarioSchema",
    "vendaMensal",
    "vendaMensalSchema",
  ],
}
`;
